 
****************************************
Report : design
Design : uart
Version: O-2018.06-SP1
Date   : Sat Aug 29 05:05:21 2026
****************************************

Design allows ideal nets on clock nets.

Library(s) Used:

    saed32rvt_tt1p05v25c (File: /home/ICer/Mo_AZ/Common/ALL-LIBs/PDKs_30nm/hierar_NDM_sead_32/SAED32/STD/saed32rvt_tt1p05v25c.db)

Local Link Library:

    {/home/ICer/Mo_AZ/Common/ALL-LIBs/PDKs_30nm/hierar_NDM_sead_32/SAED32/STD/saed32rvt_tt1p05v25c.db}

Flip-Flop Types:

    No flip-flop types specified.

Latch Types:

    No latch types specified.

Operating Conditions:


    Operating Condition Name : ss0p95v125c
    Library : saed32rvt_ss0p95v125c
    Process :   0.99
    Temperature : 125.00
    Voltage :   0.95
    Interconnect Model : best_case_tree

Min Operating Conditions:


    Operating Condition Name : ff1p16vn40c
    Library : saed32rvt_ff1p16vn40c
    Process :   1.01
    Temperature : -40.00
    Voltage :   1.16
    Interconnect Model : worst_case_tree

Wire Loading Model:

    Selected manually by the user.

Name           :   ForQA
Location       :   saed32rvt_tt1p05v25c
Resistance     :   0.002067
Capacitance    :   0.026724
Area           :   0.01
Slope          :   30.2854
Fanout   Length   Points Average Cap Std Deviation
--------------------------------------------------------------
     1     8.28
     2    18.49
     3    29.35
     4    40.92
     5    53.23
     6    66.36
     7    80.36
     8    95.27
     9   111.17
    10   128.09
    11   146.10
    12   165.26
    13   185.61
    14   207.22
    15   230.13
    16   254.41
    17   280.11
    18   307.28
    19   335.98
    20   366.27



Wire Loading Model Mode: enclosed.

Timing Ranges:

    No timing ranges specified.

Pin Input Delays:

    None specified.

Pin Output Delays:

    None specified.

Disabled Timing Arcs:

    No arcs disabled.

Required Licenses:

    None Required

Design Parameters:

    None specified.
1
