 
****************************************
Report : port
Design : uart
Version: O-2018.06-SP1
Date   : Sat Aug 29 05:05:21 2026
****************************************



Attributes:
    d - dont_touch_network

                       Pin      Wire     Max     Max     Connection
Port           Dir     Load     Load     Trans   Cap     Class      Attrs
--------------------------------------------------------------------------------
clk            in      0.0000   0.0000   --      --      --         d
data_valid     in      0.0000   0.0000    0.08   16.00   --         
p_data[0]      in      0.0000   0.0000    0.08   16.00   --         
p_data[1]      in      0.0000   0.0000    0.08   16.00   --         
p_data[2]      in      0.0000   0.0000    0.08   16.00   --         
p_data[3]      in      0.0000   0.0000    0.08   16.00   --         
p_data[4]      in      0.0000   0.0000    0.08   16.00   --         
p_data[5]      in      0.0000   0.0000    0.08   16.00   --         
p_data[6]      in      0.0000   0.0000    0.08   16.00   --         
p_data[7]      in      0.0000   0.0000    0.08   16.00   --         
par_en         in      0.0000   0.0000    0.08   16.00   --         
par_typ        in      0.0000   0.0000    0.08   16.00   --         
rst_n          in      0.0000   0.0000    0.08   16.00   --         
rx_in          in      0.0000   0.0000    0.08   16.00   --         
busy           out     0.0200   0.0000   --      --      --         
rx_data_valid  out     0.0200   0.0000   --      --      --         
rx_p_data[0]   out     0.0200   0.0000   --      --      --         
rx_p_data[1]   out     0.0200   0.0000   --      --      --         
rx_p_data[2]   out     0.0200   0.0000   --      --      --         
rx_p_data[3]   out     0.0200   0.0000   --      --      --         
rx_p_data[4]   out     0.0200   0.0000   --      --      --         
rx_p_data[5]   out     0.0200   0.0000   --      --      --         
rx_p_data[6]   out     0.0200   0.0000   --      --      --         
rx_p_data[7]   out     0.0200   0.0000   --      --      --         
rx_p_data[8]   out     0.0200   0.0000   --      --      --         
rx_p_data[9]   out     0.0200   0.0000   --      --      --         
rx_p_data[10]  out     0.0200   0.0000   --      --      --         
tx_out         out     0.0200   0.0000   --      --      --         

1
